
> # Load data from sub.periods 1 and 2 (the original "ALFAM2" work)
> 
> idat.old <- read.csv('../../data-output/02/ALFAM2_interval.csv')

> pdat.old <- read.csv('../../data-output/02/ALFAM2_plot.csv')

> # 
> 
> # Date record
> print(Sys.time())
[1] "2024-09-11 10:24:42 EDT"

> # Read and check data from files
> ddir <- list.dirs('../../data-submitted/03', recursive = FALSE)

> dat <- list()

> for(i in ddir) {
+   cat('\nDirectory ', i,'\n')
+   f <- list.files(i, pattern = 'xls', full.names = TRUE)
+   # Omit temporary Excel files (create .... [TRUNCATED] 

Directory  ../../data-submitted/03/AU 

   file  ../../data-submitted/03/AU/ALFAM2_JNK_2019_Aug_5_5_b.xlsx 

  Skipping file because of newsubmission setting!
   file  ../../data-submitted/03/AU/ALFAM2_JNK_2019_May_5_6_a.xlsx 

  Skipping file because of newsubmission setting!
   file  ../../data-submitted/03/AU/ALFAM2_template_5_2_210929_JP_CanadianData.xlsx 

  Skipping file because of newsubmission setting!
   file  ../../data-submitted/03/AU/ALFAM2_template_5_2_211012_JP_18ABC.xlsx 

  Skipping file because of newsubmission setting!
   file  ../../data-submitted/03/AU/ALFAM2_template_5_2_211012_JP_18GHI.xlsx 

  Skipping file because of newsubmission setting!
   file  ../../data-submitted/03/AU/ALFAM2_template_5_2_211012_JP_18KLRS.xlsx 

  Skipping file because of newsubmission setting!
   file  ../../data-submitted/03/AU/ALFAM2_template_5_2_211012_JP_18NOP.xlsx 

  Skipping file because of newsubmission setting!
   file  ../../data-submitted/03/AU/ALFAM2_template_5_2_211012_JP_19BCHI.xlsx 

  Skipping file because of newsubmission setting!
   file  ../../data-submitted/03/AU/ALFAM2_template_6_0_220126_JP_20CD21A_JP.xlsx 

  Skipping file because of newsubmission setting!
   file  ../../data-submitted/03/AU/ALFAM2_template_6_0_220310_JP_20EFGH_v2.xlsx 

  Skipping file because of newsubmission setting!
   file  ../../data-submitted/03/AU/ALFAM2_template_6_1_220317_JP_21CD22A.xlsx 

  Skipping file because of newsubmission setting!
   file  ../../data-submitted/03/AU/ALFAM2_template_6_1_220524_JP_21E_220610.xlsx 

  Skipping file because of newsubmission setting!
   file  ../../data-submitted/03/AU/ALFAM2_template_6_1_230726_JP_18EF.xlsx 

  Skipping file because of newsubmission setting!
   file  ../../data-submitted/03/AU/ALFAM2_template_6_1_230726_JP_19G20AB.xlsx 

  Skipping file because of newsubmission setting!
   file  ../../data-submitted/03/AU/ALFAM2_template_6_1_eGylle_JK_3.xlsx 

  Skipping file because of newsubmission setting!
   file  ../../data-submitted/03/AU/ALFAM2_template_6.1 SGS(Rev).xlsx 

  Skipping file because of newsubmission setting!
   file  ../../data-submitted/03/AU/ALFAM2_template_7_0_eGylle_NL_DE_JK.xlsx 

  Skipping file because of newsubmission setting!
   file  ../../data-submitted/03/AU/ALFAM2_template_7.0_22HIJK_240208.xlsx 

  Skipping file because of newsubmission setting!
   file  ../../data-submitted/03/AU/ALFAM2_template_7.0_DFCtest_JP_231108_JK.xlsx 

  Skipping file because of newsubmission setting!
   file  ../../data-submitted/03/AU/ALFAM2_template_7.0_MAGspring23_231117.xlsx 

  Skipping file because of newsubmission setting!
   file  ../../data-submitted/03/AU/ALFAM2_template_8.2_MAGspring24_240901.xlsx 
  Starting. . .  Submitter info . . .  Contributors . . .  Experiments . . .  Treatments . . .  Plots . . .  Emission . . .  Publications . . .Did not find any publication info. . . might be good to double-check spreadsheet.
# A tibble: 1 × 1
  ``   
  <chr>
1 .    

Directory  ../../data-submitted/03/DiSSA-IT 

   file  ../../data-submitted/03/DiSSA-IT/ALFAM2_data from Adani-Zilio_2.xlsx 

  Skipping file because of newsubmission setting!
Directory  ../../data-submitted/03/INIA 

Directory  ../../data-submitted/03/INRAE 

   file  ../../data-submitted/03/INRAE/ALFAM2_template_8.0_META_METHA_Vf_v4.xlsx 

  Skipping file because of newsubmission setting!
Directory  ../../data-submitted/03/TI 

   file  ../../data-submitted/03/TI/ALFAM2_template_7.0_GülleBest_BW_HOH_20240415.xlsx 

  Skipping file because of newsubmission setting!
Directory  ../../data-submitted/03/UNINA 

   file  ../../data-submitted/03/UNINA/ALFAM2_UNINA_5_6_1_ver6.xlsx 

  Skipping file because of newsubmission setting!
Directory  ../../data-submitted/03/UNINI 

   file  ../../data-submitted/03/UNINI/ALFAM2_template_6.1_ARMOSA2013_V1.xlsx 

  Skipping file because of newsubmission setting!
Directory  ../../data-submitted/03/WUR 

   file  ../../data-submitted/03/WUR/WUR_arable_2024.xlsx 

  Skipping file because of newsubmission setting!
   file  ../../data-submitted/03/WUR/WUR_grass_2024.xlsx 

  Skipping file because of newsubmission setting!
Directory  ../../data-submitted/03/WUR-wim 

> cat('Done! Read', length(dat), ' directories\n')
Done! Read 9  directories

> print(warnings())
Warning message:
In sink() : no sink to remove

> # Check for errors and create a log before merge
> 
> for (i in names(dat)) {
+   for (j in names(dat[[i]])) {
+ 
+     # Check for errors and creat .... [TRUNCATED] 
[1] "proj"  "exper"
