
> # Load data from uptakes 1 and 2 (the original "ALFAM2" work)
> 
> idat.old <- read.csv('../../data-output/02/ALFAM2_interval.csv')

> pdat.old <- read.csv('../../data-output/02/ALFAM2_plot.csv')

> # 
> 
> # Date record
> print(Sys.time())
[1] "2023-11-30 06:02:56 EST"

> # Read and check data from files
> ddir <- list.dirs('../../data-submitted/03', recursive = FALSE)

> dat <- list()

> for(i in ddir) {
+   cat('Directory ', i,'\n')
+   f <- list.files(i, pattern = 'xls', full.names = TRUE)
+   # Omit temporary Excel files (created  .... [TRUNCATED] 
Directory  ../../data-submitted/03/AU 
   file  ../../data-submitted/03/AU/ALFAM2_JNK_2019_Aug_5_5_b.xlsx 
  Starting. . .  Submitter info . . .  Contributors . . .  Experiments . . .  Treatments . . .  Plots . . .  Emission . . .  Publications . . .Number of rows changed after plots/emis merge in cleanALAM()
May be entry error or multiple treatments per plot (i.e., no error)
(e.g., multiple parallel measurement methods)
Problem is often caused by plot/rep entry error.
Get in here with browser() and look at:
unique(plots.orig[, c('plot', 'rep')]) 
unique(emis[, c('plot', 'rep')])
See below for some information that might be helpful.
Duplicated combinations:
            proj              exper field plot rep fromplots fromemis meas.tech
2 Vejrumbro_2019 Vejrumbro_2019_Aug          1   1         1        1       bLS
3 Vejrumbro_2019 Vejrumbro_2019_Aug          1   1         1        1       bLS
4 Vejrumbro_2019 Vejrumbro_2019_Aug          1   1         1        1       AGM
  meas.tech.det
2       CRDS_2m
3            MD
4          <NA>

Combinations missing from plots df:
[1] proj          exper         field         plot          rep          
[6] fromplots     fromemis      meas.tech     meas.tech.det
<0 rows> (or 0-length row.names)

Combinations missing from emis df:
[1] proj          exper         field         plot          rep          
[6] fromplots     fromemis      meas.tech     meas.tech.det
<0 rows> (or 0-length row.names)
   file  ../../data-submitted/03/AU/ALFAM2_JNK_2019_May_5_6_a.xlsx 
  Starting. . .  Submitter info . . .  Contributors . . .  Experiments . . .  Treatments . . .  Plots . . .  Emission . . .  Publications . . .Number of rows changed after plots/emis merge in cleanALAM()
May be entry error or multiple treatments per plot (i.e., no error)
(e.g., multiple parallel measurement methods)
Problem is often caused by plot/rep entry error.
Get in here with browser() and look at:
unique(plots.orig[, c('plot', 'rep')]) 
unique(emis[, c('plot', 'rep')])
See below for some information that might be helpful.
Duplicated combinations:
[1] proj          exper         field         plot          rep          
[6] fromplots     fromemis      meas.tech     meas.tech.det
<0 rows> (or 0-length row.names)

Combinations missing from plots df:
[1] proj          exper         field         plot          rep          
[6] fromplots     fromemis      meas.tech     meas.tech.det
<0 rows> (or 0-length row.names)

Combinations missing from emis df:
[1] proj          exper         field         plot          rep          
[6] fromplots     fromemis      meas.tech     meas.tech.det
<0 rows> (or 0-length row.names)
Emission rate unit not available for conversion:  NA 
But  µgNH3/m2/s  is OK.
See cleanALFAM() function.
   file  ../../data-submitted/03/AU/ALFAM2_template_5_2_210929_JP_CanadianData.xlsx 
  Starting. . .  Submitter info . . .  Contributors . . .  Experiments . . .  Treatments . . .  Plots . . .  Emission . . .  Publications . . .   file  ../../data-submitted/03/AU/ALFAM2_template_5_2_211012_JP_18ABC.xlsx 
  Starting. . .  Submitter info . . .  Contributors . . .  Experiments . . .  Treatments . . .  Plots . . .  Emission . . .  Publications . . .Emission rate unit not available for conversion:  NA 
But  kgN/ha-hr  is OK.
See cleanALFAM() function.
   file  ../../data-submitted/03/AU/ALFAM2_template_5_2_211012_JP_18GHI.xlsx 
  Starting. . .  Submitter info . . .  Contributors . . .  Experiments . . .  Treatments . . .  Plots . . .  Emission . . .  Publications . . .Emission rate unit not available for conversion:  NA 
But  kgN/ha-hr  is OK.
See cleanALFAM() function.
   file  ../../data-submitted/03/AU/ALFAM2_template_5_2_211012_JP_18KLRS.xlsx 
  Starting. . .  Submitter info . . .  Contributors . . .  Experiments . . .  Treatments . . .  Plots . . .  Emission . . .  Publications . . .Emission rate unit not available for conversion:  NA 
But  kgN/ha-hr  is OK.
See cleanALFAM() function.
   file  ../../data-submitted/03/AU/ALFAM2_template_5_2_211012_JP_18NOP.xlsx 
  Starting. . .  Submitter info . . .  Contributors . . .  Experiments . . .  Treatments . . .  Plots . . .  Emission . . .  Publications . . .   file  ../../data-submitted/03/AU/ALFAM2_template_5_2_211012_JP_19BCHI.xlsx 
  Starting. . .  Submitter info . . .  Contributors . . .  Experiments . . .  Treatments . . .  Plots . . .  Emission . . .  Publications . . .   file  ../../data-submitted/03/AU/ALFAM2_template_6_0_220126_JP_20CD21A_JP.xlsx 
  Starting. . .  Submitter info . . .  Contributors . . .  Experiments . . .  Treatments . . .  Plots . . .  Emission . . .  Publications . . .Emission rate unit not available for conversion:  NA 
But  kgNH3/ha-hr  is OK.
See cleanALFAM() function.
   file  ../../data-submitted/03/AU/ALFAM2_template_6_0_220310_JP_20EFGH_v2.xlsx 
  Starting. . .  Submitter info . . .  Contributors . . .  Experiments . . .  Treatments . . .  Plots . . .  Emission . . .  Publications . . .Emission rate unit not available for conversion:  NA 
But  kgNH3/ha-hr  is OK.
See cleanALFAM() function.
   file  ../../data-submitted/03/AU/ALFAM2_template_6_1_220317_JP_21CD22A.xlsx 
  Starting. . .  Submitter info . . .  Contributors . . .  Experiments . . .  Treatments . . .  Plots . . .  Emission . . .  Publications . . .   file  ../../data-submitted/03/AU/ALFAM2_template_6_1_220524_JP_21E_220610.xlsx 
  Starting. . .  Submitter info . . .  Contributors . . .  Experiments . . .  Treatments . . .  Plots . . .  Emission . . .  Publications . . .Emission rate unit not available for conversion:  NA 
But  kgNH3/ha-hr  is OK.
See cleanALFAM() function.
   file  ../../data-submitted/03/AU/ALFAM2_template_6_1_230726_JP_18EF.xlsx 
  Starting. . .  Submitter info . . .  Contributors . . .  Experiments . . .  Treatments . . .  Plots . . .  Emission . . .  Publications . . .   file  ../../data-submitted/03/AU/ALFAM2_template_6_1_230726_JP_19G20AB.xlsx 
  Starting. . .  Submitter info . . .  Contributors . . .  Experiments . . .  Treatments . . .  Plots . . .  Emission . . .  Publications . . .   file  ../../data-submitted/03/AU/ALFAM2_template_6_1_eGylle_JK_3.xlsx 
  Starting. . .  Submitter info . . .  Contributors . . .  Experiments . . .  Treatments . . .  Plots . . .  Emission . . .  Publications . . .Did not find any publication info. . . might be good to double-check spreadsheet.
# A tibble: 1 × 1
  ``   
  <chr>
1 .    
   file  ../../data-submitted/03/AU/ALFAM2_template_6.1 SGS(Rev).xlsx 
  Starting. . .  Submitter info . . .  Contributors . . .  Experiments . . .  Treatments . . .  Plots . . .  Emission . . .  Publications . . .Did not find any publication info. . . might be good to double-check spreadsheet.
# A tibble: 26 × 18
      `` ``    ``    ``    ``    ``    ``    ``    ``    ``    ``    ``    ``   
   <dbl> <chr> <lgl> <lgl> <lgl> <lgl> <lgl> <lgl> <lgl> <lgl> <lgl> <lgl> <lgl>
 1     1 "3.\… NA    NA    NA    NA    NA    NA    NA    NA    NA    NA    NA   
 2    NA  <NA> NA    NA    NA    NA    NA    NA    NA    NA    NA    NA    NA   
 3    NA  <NA> NA    NA    NA    NA    NA    NA    NA    NA    NA    NA    NA   
 4    NA  <NA> NA    NA    NA    NA    NA    NA    NA    NA    NA    NA    NA   
 5    NA  <NA> NA    NA    NA    NA    NA    NA    NA    NA    NA    NA    NA   
 6    NA  <NA> NA    NA    NA    NA    NA    NA    NA    NA    NA    NA    NA   
 7    NA  <NA> NA    NA    NA    NA    NA    NA    NA    NA    NA    NA    NA   
 8    NA  <NA> NA    NA    NA    NA    NA    NA    NA    NA    NA    NA    NA   
 9    NA  <NA> NA    NA    NA    NA    NA    NA    NA    NA    NA    NA    NA   
10    NA  <NA> NA    NA    NA    NA    NA    NA    NA    NA    NA    NA    NA   
# ℹ 16 more rows
# ℹ 5 more variables: `` <dbl>, `` <dbl>, `` <dbl>, `` <dbl>, `` <dbl>
# ℹ Use `print(n = ...)` to see more rows
   file  ../../data-submitted/03/AU/ALFAM2_template_7_0_eGylle_NL_DE_JK.xlsx 
  Starting. . .  Submitter info . . .  Contributors . . .  Experiments . . .  Treatments . . .  Plots . . .  Emission . . .  Publications . . .Did not find any publication info. . . might be good to double-check spreadsheet.
# A tibble: 1 × 1
  ``   
  <chr>
1 .    
Number of rows changed after plots/emis merge in cleanALAM()
May be entry error or multiple treatments per plot (i.e., no error)
(e.g., multiple parallel measurement methods)
Problem is often caused by plot/rep entry error.
Get in here with browser() and look at:
unique(plots.orig[, c('plot', 'rep')]) 
unique(emis[, c('plot', 'rep')])
See below for some information that might be helpful.
Duplicated combinations:
    proj   exper       field plot rep fromplots fromemis       meas.tech
2 eGylle eGylle2 FoulumgårdD    1   1         1        1             DTM
4 eGylle eGylle3         WUR    1   1         1        1             bLS
5 eGylle eGylle3         WUR    1   1         1        1             bLS
6 eGylle eGylle3         WUR    1   1         1        1 Dynamic chamber
  meas.tech.det
2          <NA>
4     CRDS avg.
5    Acid traps
6    Acid traps

Combinations missing from plots df:
[1] proj          exper         field         plot          rep          
[6] fromplots     fromemis      meas.tech     meas.tech.det
<0 rows> (or 0-length row.names)

Combinations missing from emis df:
[1] proj          exper         field         plot          rep          
[6] fromplots     fromemis      meas.tech     meas.tech.det
<0 rows> (or 0-length row.names)
   file  ../../data-submitted/03/AU/ALFAM2_template_7.0_DFCtest_JP_231108_JK.xlsx 
  Starting. . .  Submitter info . . .  Contributors . . .  Experiments . . .  Treatments . . .  Plots . . .  Emission . . .  Publications . . .Did not find any publication info. . . might be good to double-check spreadsheet.
# A tibble: 1 × 1
  ``   
  <chr>
1 .    
   file  ../../data-submitted/03/AU/ALFAM2_template_7.0_MAGspring23_231117.xlsx 
  Starting. . .  Submitter info . . .  Contributors . . .  Experiments . . .  Treatments . . .  Plots . . .  Emission . . .  Publications . . .Did not find any publication info. . . might be good to double-check spreadsheet.
# A tibble: 1 × 1
  ``   
  <chr>
1 .    
Directory  ../../data-submitted/03/DiSSA-IT 
   file  ../../data-submitted/03/DiSSA-IT/ALFAM2_data from Adani-Zilio_2.xlsx 
  Starting. . .  Submitter info . . .  Contributors . . .  Experiments . . .  Treatments . . .  Plots . . .  Emission . . .  Publications . . .Directory  ../../data-submitted/03/INIA 
Directory  ../../data-submitted/03/UNINA 
   file  ../../data-submitted/03/UNINA/ALFAM2_UNINA_5_6_1_ver6.xlsx 
  Starting. . .  Submitter info . . .  Contributors . . .  Experiments . . .  Treatments . . .  Plots . . .  Emission . . .  Publications . . .Directory  ../../data-submitted/03/UNINI 
   file  ../../data-submitted/03/UNINI/ALFAM2_template_6.1_ARMOSA2013_V1.xlsx 
  Starting. . .  Submitter info . . .  Contributors . . .  Experiments . . .  Treatments . . .  Plots . . .  Emission . . .  Publications . . .Did not find any publication info. . . might be good to double-check spreadsheet.
# A tibble: 1 × 1
  ``   
  <chr>
1 .    
Number of rows changed after plots/emis merge in cleanALAM()
May be entry error or multiple treatments per plot (i.e., no error)
(e.g., multiple parallel measurement methods)
Problem is often caused by plot/rep entry error.
Get in here with browser() and look at:
unique(plots.orig[, c('plot', 'rep')]) 
unique(emis[, c('plot', 'rep')])
See below for some information that might be helpful.
Duplicated combinations:
    proj   exper  field plot rep fromplots fromemis meas.tech
2 ARMOSA LAND_13 SIC-13    1   0         1        1       bLS
3 ARMOSA LAND_13 SIC-13    1   0         1        1       AGM
          meas.tech.det
2         150 cm height
3 30, 70, 150 cm height

Combinations missing from plots df:
[1] proj          exper         field         plot          rep          
[6] fromplots     fromemis      meas.tech     meas.tech.det
<0 rows> (or 0-length row.names)

Combinations missing from emis df:
[1] proj          exper         field         plot          rep          
[6] fromplots     fromemis      meas.tech     meas.tech.det
<0 rows> (or 0-length row.names)
Directory  ../../data-submitted/03/WUR 

> cat('Done! Read', length(dat), ' directories\n')
Done! Read 6  directories

> print(warnings())
Warning message:
In undebug(cleanALFAM) : argument is not being debugged

> # Check for errors and create a log before merge
> 
> for (i in names(dat)) {
+   for (j in names(dat[[i]])) {
+ 
+     # Check for errors and creat .... [TRUNCATED] 

> # Sort out int- and plot-level flags
> 
> for (i in names(dat)) {
+   for (j in names(dat[[i]])) {
+ 
+     dat[[i]][[j]] <- addFlags(dat[[i]][[j]]) .... [TRUNCATED] 

> # Pull new data from list
> 
> # Stack individual interval and plot level data frames from each file together
> pdat <- idat <- data.frame()

> # Extract and stack plot and interval level data
> for (i in dat) {
+   for (j in i) {
+     pdat <- rbindf(pdat, j$plots)
+     idat <- rbindf(idat .... [TRUNCATED] 

> # Add plot and institute ID codes to new data
> 
> # Get original pmid from latest GitHub release
> 
> p <- paste0('https://github.com/sashahafner/A .... [TRUNCATED] 

> pdatr <- as.data.frame(data.table::fread(paste0(p, '/data-output/03/ALFAM2_plot.csv.gz'))[uptake == 3, .(uptake, institute, proj, file, exper, field .... [TRUNCATED] 

> dim(pdatr)
[1] 348  16

> dim(pdat)
[1] 505 226

> # Extract and reuse old institute codes
> inst.old <- unique(pdat.old[, c('institute', 'inst')])

> pdat <- merge(pdat, inst.old, by = 'institute', all.x = TRUE)

> # Create completley new 300s codes for new institutes
> # NTS: needs tweak to leave out inst codes already recognized so e.g., 301 is not skipped
>  .... [TRUNCATED] 

> # ID codes created in plots data frame and then merged into interval level data frame
> # First add ones already created in earlier release, to avoi .... [TRUNCATED] 

> # Experiment ID (includes uptake, inst, proj, exper)
> pdat$eid[is.na(pdat$eid)] <- as.integer(factor(pdat$ceid[is.na(pdat$eid)])) + max(c(pdat.old$ .... [TRUNCATED] 

> # Add plot and plot x meas tech IDs
> pdat$pid[is.na(pdat$pid)] <- as.integer(factor(pdat$cpid[is.na(pdat$pid)])) + max(c(pdat.old$pid, na.omit(pdat .... [TRUNCATED] 

> pdat$pmid[is.na(pdat$pmid)] <- as.integer(factor(pdat$cpmid[is.na(pdat$pmid)])) + max(c(pdat.old$pmid, na.omit(pdat$pmid)))

> # Merge IDs into interval level data
> # Should alternatively be able to switch to interger directly in idat
> idat <- merge(idat, pdat[, c('cpmid', .... [TRUNCATED] 

> # Add observation ID
> # Is not copied from earlier uptake but because any new obs (should) have a large pmid, they will also have a higher oid
> id .... [TRUNCATED] 

> idat$oid <- 1:nrow(idat) + max(idat.old$oid)

> # Combine new (uptake 3) with old data
> 
> # First plot-level data
> # Rename some old columns
> names(pdat.old)[names(pdat.old) %in% c('first.row. .... [TRUNCATED] 

> names(pdat.old)[names(pdat.old) == 'row.in.file'] <- 'row.in.file.plot'

> names(pdat.old)[names(pdat.old) == 'database'] <- 'uptake'

> names(pdat.old)[names(pdat.old) == 'notes'] <- 'notes.plot'

> names(pdat.old)[names(pdat.old) == 'flag'] <- 'flag.plot'

> # And drop others
> pdat.old$man.freeNH3 <- pdat.old$man.eq.gasNH3 <- NULL

> # Combine
> pdat.comb <- rbindf(pdat, pdat.old)

> # Select and order columns (and order rows)
> pdat.comb <- pdat.comb[order(pdat.comb$pmid), 
+   c('inst', 'eid', 'pid', 'pmid', 
+     'uptake', 'p .... [TRUNCATED] 

> # Round
> pdat.comb <- rounddf(pdat.comb, 5, func = signif)

> ## Checks:
> ## Columns missing in new data
> #names(pdat.old)[!names(pdat.old) %in% intersect(names(pdat), names(pdat.old))]
> ## Columns missing i .... [TRUNCATED] 

> # Combine old and new interval-level data
> 
> # Interval-level data
> # Remove some old columns
> idat.old$man.freeNH3 <- idat.old$man.eq.gasNH3 <- .... [TRUNCATED] 

> # Rename some old columns
> names(idat.old)[names(idat.old) == 'row.in.file'] <- 'row.in.file.int'

> names(idat.old)[names(idat.old) == 'database'] <- 'uptake'

> names(idat.old)[names(idat.old) == 'notes'] <- 'notes.int'

> names(idat.old)[names(idat.old) == 'flag'] <- 'flag.int'

> # Combine
> idat.comb <- rbindf(idat, idat.old)

> # Order and select columns for database distribution
> # Note that objective is to keep file size small, so most columns in plot-level data frame ar .... [TRUNCATED] 

> # Add int suffix to weather height info (because it is also in plot data frame, pulled from emis row 1)
> nn <- c('soil.temp.z', 'air.temp.z', 'wind .... [TRUNCATED] 

> names(idat.comb)[names(idat.comb) %in% nn] <- paste0(nn, '.int')

> # Round 
> idat.comb <- rounddf(idat.comb, 5, func = signif)

> ## Checks
> ## Columns missing in new data
> #names(idat.old)[!names(idat.old) %in% intersect(names(idat), names(idat.old))]
> ## Columns missing in .... [TRUNCATED] 

> # Make text plot summaries for uptake 3 only
> 
> for (i in unique(pdat$file)) {
+ 
+   fn <- strsplit(i, '/')
+   fn <- fn[[1]][length(fn[[1]])]
+  .... [TRUNCATED] 

> # Saves a copy of plot and internval data by flie
> # Main purpose is to have a text-based (works with Git) record of submitted data
> 
> for (i in  .... [TRUNCATED] 

> knit('check_final.Rmd', output = '../../logs/03/check_final.md', quiet = TRUE)
[1] "../../logs/03/check_final.md"

> # Compare version number to what is on GitHub
> 
> # Latest pushed dev
> lastdev <- 'https://raw.githubusercontent.com/sashahafner/ALFAM2-data/dev/d .... [TRUNCATED] 

> # Latest pushed main
> lastmain <- 'https://raw.githubusercontent.com/sashahafner/ALFAM2-data/master/data-output/03/data_version.txt'

> # Latest release
> release <- paste0('https://github.com/sashahafner/ALFAM2-data/raw/v', oldrelease, '/data-output/03/data_version.txt')

> # Latest pushed dev
> vld <- gsub('\\.$', '', as.data.frame(data.table::fread(lastdev))[[3]])

> # Latest pushed main
> vlm <- gsub('\\.$', '', as.data.frame(data.table::fread(lastmain))[[3]])

> # Latest release
> vr <- gsub('\\.$', '', as.data.frame(data.table::fread(release))[[3]])

> cat('Checking versions\n')
Checking versions

> if (oldrelease != vr) {
+   cat('Version number in old release does not match release tag!\n')
+ }

> vdat <- data.frame(Where = c('main.R (new version)', 'Release tag', 'Release', 'Main branch', 'Dev branch'),
+                    Version = c(versio .... [TRUNCATED] 

> cat('\n')


> print(vdat, row.names = FALSE)
                Where Version
 main.R (new version)    2.32
          Release tag    2.23
              Release    2.23
          Main branch    2.31
           Dev branch    2.26

> if (version %in% c(oldrelease, vr, vlm, vld)) {
+   warning('Version number set in main.R matches\n   one or more existing verion numbers!\n   Did y .... [TRUNCATED] 

> # Write regular csv files
> write.csv(pdat.comb, '../../data-output/03/ALFAM2_plot.csv', row.names = FALSE)

> write.csv(idat.comb, '../../data-output/03/ALFAM2_interval.csv', row.names = FALSE)

> # And then compress them
> R.utils::gzip('../../data-output/03/ALFAM2_plot.csv', overwrite = TRUE)

> R.utils::gzip('../../data-output/03/ALFAM2_interval.csv', overwrite = TRUE)

> # Record data version also
> cat(paste0('Database version: ', version, '. Date created: ', Sys.time()), file = '../../logs/03/data_version.txt')

> cat(paste0('Database version: ', version, '. Date created: ', Sys.time()), file = '../../data-output/03/data_version.txt')
